###############################################################################
#
# IAR ELF Linker V7.20.2.7424/W32 for ARM                 08/Jan/2019  16:17:55
# Copyright 2007-2014 IAR Systems AB.
#
#    Output file  =  
#        C:\Users\Administrator\Personal\lora\f103bootloadapp\EWARM\server\Exe\server.out
#    Map file     =  
#        C:\Users\Administrator\Personal\lora\f103bootloadapp\EWARM\server/List\server.map
#    Command line =  
#        C:\Users\Administrator\Personal\lora\f103bootloadapp\EWARM\server\Obj\bootload.o
#        C:\Users\Administrator\Personal\lora\f103bootloadapp\EWARM\server\Obj\crc16.o
#        C:\Users\Administrator\Personal\lora\f103bootloadapp\EWARM\server\Obj\main.o
#        C:\Users\Administrator\Personal\lora\f103bootloadapp\EWARM\server\Obj\startup_stm32f103xb.o
#        C:\Users\Administrator\Personal\lora\f103bootloadapp\EWARM\server\Obj\stm32f1xx_hal.o
#        C:\Users\Administrator\Personal\lora\f103bootloadapp\EWARM\server\Obj\stm32f1xx_hal_cortex.o
#        C:\Users\Administrator\Personal\lora\f103bootloadapp\EWARM\server\Obj\stm32f1xx_hal_dma.o
#        C:\Users\Administrator\Personal\lora\f103bootloadapp\EWARM\server\Obj\stm32f1xx_hal_flash.o
#        C:\Users\Administrator\Personal\lora\f103bootloadapp\EWARM\server\Obj\stm32f1xx_hal_flash_ex.o
#        C:\Users\Administrator\Personal\lora\f103bootloadapp\EWARM\server\Obj\stm32f1xx_hal_gpio.o
#        C:\Users\Administrator\Personal\lora\f103bootloadapp\EWARM\server\Obj\stm32f1xx_hal_gpio_ex.o
#        C:\Users\Administrator\Personal\lora\f103bootloadapp\EWARM\server\Obj\stm32f1xx_hal_msp.o
#        C:\Users\Administrator\Personal\lora\f103bootloadapp\EWARM\server\Obj\stm32f1xx_hal_pwr.o
#        C:\Users\Administrator\Personal\lora\f103bootloadapp\EWARM\server\Obj\stm32f1xx_hal_rcc.o
#        C:\Users\Administrator\Personal\lora\f103bootloadapp\EWARM\server\Obj\stm32f1xx_hal_rcc_ex.o
#        C:\Users\Administrator\Personal\lora\f103bootloadapp\EWARM\server\Obj\stm32f1xx_hal_tim.o
#        C:\Users\Administrator\Personal\lora\f103bootloadapp\EWARM\server\Obj\stm32f1xx_hal_tim_ex.o
#        C:\Users\Administrator\Personal\lora\f103bootloadapp\EWARM\server\Obj\stm32f1xx_hal_uart.o
#        C:\Users\Administrator\Personal\lora\f103bootloadapp\EWARM\server\Obj\stm32f1xx_it.o
#        C:\Users\Administrator\Personal\lora\f103bootloadapp\EWARM\server\Obj\system_stm32f1xx.o
#        --redirect _Printf=_PrintfFull --redirect _Scanf=_ScanfFull -o
#        C:\Users\Administrator\Personal\lora\f103bootloadapp\EWARM\server\Exe\server.out
#        --map
#        C:\Users\Administrator\Personal\lora\f103bootloadapp\EWARM\server/List\server.map
#        --config
#        C:\Users\Administrator\Personal\lora\f103bootloadapp\EWARM\server.icf
#        --semihosting --entry __iar_program_start --vfe
#
###############################################################################

*******************************************************************************
*** RUNTIME MODEL ATTRIBUTES
***

CppFlavor                     = *
__Heap_Handler                = Basic
__SystemLibrary               = DLib
__dlib_dynamic_initialization = normal


*******************************************************************************
*** PLACEMENT SUMMARY
***

"A1":  place at 0x08004000 { ro section .intvec };
"P1":  place in [from 0x08004000 to 0x0800ffff] { ro };
"P2":  place in [from 0x20000000 to 0x20004fff] { rw, block CSTACK, block HEAP };

  Section             Kind        Address    Size  Object
  -------             ----        -------    ----  ------
"A1":                                        0xec
  .intvec             ro code  0x08004000    0xec  startup_stm32f103xb.o [1]
                             - 0x080040ec    0xec

"P1":                                      0x3d45
  .text               ro code  0x080040ec  0x114e  xprintffull.o [3]
  .text               ro code  0x0800523a    0x20  xmbtowc.o [3]
  .text               ro code  0x0800525a    0x22  zero_init3.o [5]
  .text               ro code  0x0800527c    0x16  strchr.o [5]
  .text               ro code  0x08005294    0x36  strlen.o [5]
  .text               ro code  0x080052cc    0x58  memchr.o [5]
  .text               ro code  0x08005324     0xa  xmbcurmax.o [3]
  .text               ro code  0x08005330    0xb0  xxmemxmalloc.o [3]
  .text               ro code  0x080053e0    0x1a  xwctomb.o [3]
  .text               ro code  0x080053fc    0x76  ABImemcpy_unaligned.o [5]
  .text               ro code  0x08005474    0x80  xxmemxfree.o [3]
  .text               ro code  0x080054f4    0xee  I64DivMod.o [5]
  .text               ro code  0x080055e2    0x42  xdnorm.o [4]
  .text               ro code  0x08005624    0x2e  DblCmpLe.o [4]
  .text               ro code  0x08005654    0x2e  DblCmpGe.o [4]
  .text               ro code  0x08005684   0x10c  xdscale.o [4]
  .text               ro code  0x08005790    0x58  DblToI32.o [4]
  .text               ro code  0x080057e8    0x30  I32ToDbl.o [4]
  .text               ro code  0x08005818   0x180  DblSub.o [4]
  .text               ro code  0x08005998   0x1a2  DblMul.o [4]
  .text               ro code  0x08005b3c   0x246  DblDiv.o [4]
  .text               ro code  0x08005d84    0x6c  localeconv.o [3]
  .text               ro code  0x08005df0     0xe  div.o [3]
  .text               ro code  0x08005e00    0x14  setlocale.o [3]
  .text               ro code  0x08005e14    0x60  xencoding_sb.o [3]
  .text               ro code  0x08005e74    0x2c  xgetmemchunk.o [3]
  .text               ro code  0x08005ea0     0x2  I64DivZer.o [5]
  .text               ro code  0x08005ea4    0xd4  DblAdd.o [4]
  .text               ro code  0x08005f78     0x2  xtls.o [3]
  .text               ro code  0x08005f7c   0x4e6  stm32f1xx_hal_rcc.o [1]
  .text               ro code  0x08006464    0x98  stm32f1xx_hal.o [1]
  .text               ro code  0x080064fc    0xe6  stm32f1xx_hal_cortex.o [1]
  .text               ro code  0x080065e4   0x19c  stm32f1xx_hal_msp.o [1]
  .text               ro code  0x08006780   0x1c0  stm32f1xx_hal_gpio.o [1]
  .text               ro code  0x08006940   0x2e4  stm32f1xx_hal_dma.o [1]
  .text               ro code  0x08006c24   0x164  main.o [1]
  .text               ro code  0x08006d88   0x494  stm32f1xx_hal_uart.o [1]
  .text               ro code  0x0800721c    0x24  printf.o [3]
  .text               ro code  0x08007240    0xa0  stm32f1xx_it.o [1]
  .text               ro code  0x080072e0   0x15c  stm32f1xx_hal_flash.o [1]
  .text               ro code  0x0800743c    0x20  bootload.o [1]
  .text               ro code  0x0800745c    0x28  stm32f1xx_hal_flash_ex.o [1]
  .text               ro code  0x08007484    0xe0  XShHandles.o [3]
  .text               ro code  0x08007564    0xd6  xfspos.o [3]
  .text               ro code  0x0800763c    0xb0  fflush.o [3]
  .text               ro code  0x080076ec     0xc  xfgpos.o [3]
  .text               ro code  0x080076f8    0x4c  lseek.o [6]
  .text               ro code  0x08007744     0xc  errno.o [3]
  .text               ro code  0x08007750     0x4  xsyslock_nop.o [3]
  .text               ro code  0x08007754    0x10  write.o [6]
  .text               ro code  0x08007764    0x1e  dwrite.o [6]
  .text               ro code  0x08007782    0x20  iarwstd.o [6]
  .text               ro code  0x080077a2    0x22  iarwrite.o [6]
  .text               ro code  0x080077c4    0x6c  iarttio.o [6]
  .text               ro code  0x08007830     0x8  XShttio.o [3]
  .text               ro code  0x08007838    0xd2  packbits_init.o [5]
  .text               ro code  0x0800790a     0x6  abort.o [3]
  .text               ro code  0x08007910    0x14  exit.o [6]
  .text               ro code  0x08007924    0xb6  xfwprep.o [3]
  .text               ro code  0x080079da    0x22  fseek.o [3]
  .text               ro code  0x080079fc    0x7c  xfofind.o [3]
  .text               ro code  0x08007a78    0x7a  fclose.o [3]
  .text               ro code  0x08007af2    0x1a  close.o [6]
  .text               ro code  0x08007b0c    0x16  remove.o [6]
  .text               ro code  0x08007b24    0x5c  system_stm32f1xx.o [1]
  .text               ro code  0x08007b80    0x58  xcloseall.o [3]
  .text               ro code  0x08007bd8    0x56  fputc.o [3]
  .text               ro code  0x08007c30    0x28  data_init.o [5]
  .iar.init_table     const    0x08007c58    0x2c  - Linker created -
  .text               ro code  0x08007c84    0x1a  cmain.o [5]
  .text               ro code  0x08007c9e     0x4  low_level_init.o [3]
  .text               ro code  0x08007ca2     0x4  exit.o [3]
  .text               ro code  0x08007ca8     0xe  cexit.o [5]
  .text               ro code  0x08007cb6    0x16  xprout.o [3]
  .text               ro code  0x08007ccc     0xc  putchar.o [3]
  .text               ro code  0x08007cd8    0x10  startup_stm32f103xb.o [1]
  .text               ro code  0x08007ce8     0xc  cstartup_M.o [5]
  .rodata             const    0x08007cf4     0x8  system_stm32f1xx.o [1]
  .text               ro code  0x08007cfc     0x4  startup_stm32f103xb.o [1]
  .text               ro code  0x08007d00     0x4  startup_stm32f103xb.o [1]
  .text               ro code  0x08007d04     0x4  startup_stm32f103xb.o [1]
  .text               ro code  0x08007d08     0x4  startup_stm32f103xb.o [1]
  .text               ro code  0x08007d0c     0x4  startup_stm32f103xb.o [1]
  .text               ro code  0x08007d10     0x4  startup_stm32f103xb.o [1]
  .text               ro code  0x08007d14     0x4  startup_stm32f103xb.o [1]
  .text               ro code  0x08007d18     0x4  startup_stm32f103xb.o [1]
  .text               ro code  0x08007d1c     0x4  startup_stm32f103xb.o [1]
  .text               ro code  0x08007d20     0x4  startup_stm32f103xb.o [1]
  .text               ro code  0x08007d24     0x4  startup_stm32f103xb.o [1]
  .text               ro code  0x08007d28     0x4  startup_stm32f103xb.o [1]
  .text               ro code  0x08007d2c     0x4  startup_stm32f103xb.o [1]
  .text               ro code  0x08007d30     0x4  startup_stm32f103xb.o [1]
  .text               ro code  0x08007d34     0x4  startup_stm32f103xb.o [1]
  .text               ro code  0x08007d38     0x4  startup_stm32f103xb.o [1]
  .text               ro code  0x08007d3c     0x4  startup_stm32f103xb.o [1]
  .text               ro code  0x08007d40     0x4  startup_stm32f103xb.o [1]
  .text               ro code  0x08007d44     0x4  startup_stm32f103xb.o [1]
  .text               ro code  0x08007d48     0x4  startup_stm32f103xb.o [1]
  .text               ro code  0x08007d4c     0x4  startup_stm32f103xb.o [1]
  .text               ro code  0x08007d50     0x4  startup_stm32f103xb.o [1]
  .text               ro code  0x08007d54     0x4  startup_stm32f103xb.o [1]
  .text               ro code  0x08007d58     0x4  startup_stm32f103xb.o [1]
  .text               ro code  0x08007d5c     0x4  startup_stm32f103xb.o [1]
  .text               ro code  0x08007d60     0x4  startup_stm32f103xb.o [1]
  .text               ro code  0x08007d64     0x4  startup_stm32f103xb.o [1]
  .text               ro code  0x08007d68     0x4  startup_stm32f103xb.o [1]
  .text               ro code  0x08007d6c     0x4  startup_stm32f103xb.o [1]
  .text               ro code  0x08007d70     0x4  startup_stm32f103xb.o [1]
  .text               ro code  0x08007d74     0x4  startup_stm32f103xb.o [1]
  .text               ro code  0x08007d78     0x4  startup_stm32f103xb.o [1]
  .text               ro code  0x08007d7c     0x4  startup_stm32f103xb.o [1]
  .text               ro code  0x08007d80     0x4  startup_stm32f103xb.o [1]
  .text               ro code  0x08007d84     0x4  startup_stm32f103xb.o [1]
  .text               ro code  0x08007d88     0x4  startup_stm32f103xb.o [1]
  .text               ro code  0x08007d8c     0x4  startup_stm32f103xb.o [1]
  .text               ro code  0x08007d90     0x4  startup_stm32f103xb.o [1]
  .text               ro code  0x08007d94     0x4  startup_stm32f103xb.o [1]
  .text               ro code  0x08007d98     0x4  startup_stm32f103xb.o [1]
  .text               ro code  0x08007d9c     0x0  cstart_closeall.o [5]
  .rodata             const    0x08007d9c     0x0  zero_init3.o [5]
  .rodata             const    0x08007d9c     0x0  packbits_init.o [5]
  Initializer bytes   ro data  0x08007d9c    0x95  <for P2 s0>
                             - 0x08007e31  0x3d45

"P2":                                       0xdd8
  P2 s0                        0x20000000   0x1f8  <Init block>
    __DLIB_PERTHREAD  inited   0x20000000    0x88  localeconv.o [3]
    __DLIB_PERTHREAD  inited   0x20000088    0x74  setlocale.o [3]
    .data             inited   0x200000fc    0x40  xfiles.o [3]
    .data             inited   0x2000013c    0x40  xfiles.o [3]
    .data             inited   0x2000017c    0x40  xfiles.o [3]
    .data             inited   0x200001bc    0x20  xfiles.o [3]
    .data             inited   0x200001dc     0xc  stm32f1xx_hal.o [1]
    .data             inited   0x200001e8     0x8  XShttio.o [3]
    .data             inited   0x200001f0     0x4  system_stm32f1xx.o [1]
    __DLIB_PERTHREAD  inited   0x200001f4     0x4  errno.o [3]
  .bss                zero     0x200001f8   0x410  bootload.o [1]
  .bss                zero     0x20000608    0x80  XShHandles.o [3]
  .bss                zero     0x20000688    0x50  xfiles.o [3]
  .bss                zero     0x200006d8    0x50  xfiles.o [3]
  .bss                zero     0x20000728    0x44  main.o [1]
  .bss                zero     0x2000076c    0x40  main.o [1]
  .bss                zero     0x200007ac     0x4  xgetmemchunk.o [3]
  .bss                zero     0x200007b0    0x20  stm32f1xx_hal_flash.o [1]
  .bss                zero     0x200007d0     0x8  xxmemxmalloc.o [3]
  CSTACK                       0x200007d8   0x400  <Block>
    CSTACK            uninit   0x200007d8   0x400  <Block tail>
  HEAP                         0x20000bd8   0x200  <Block>
    HEAP              uninit   0x20000bd8   0x200  <Block tail>
                             - 0x20000dd8   0xdd8


*******************************************************************************
*** INIT TABLE
***

          Address     Size
          -------     ----
Zero (__iar_zero_init3)
    1 destination range, total size 0x5e0:
          0x200001f8  0x5e0

Copy/packbits (__iar_packbits_init3)
    1 source range, total size 0x95 (29% of destination):
          0x08007d9c   0x95
    1 destination range, total size 0x1f8:
          0x20000000  0x1f8



*******************************************************************************
*** MODULE SUMMARY
***

    Module                    ro code  ro data  rw data
    ------                    -------  -------  -------
C:\Users\Administrator\Personal\lora\f103bootloadapp\EWARM\server\Obj: [1]
    bootload.o                     32             1 040
    main.o                        356               132
    startup_stm32f103xb.o         412
    stm32f1xx_hal.o               152        4       12
    stm32f1xx_hal_cortex.o        230
    stm32f1xx_hal_dma.o           740
    stm32f1xx_hal_flash.o         348                32
    stm32f1xx_hal_flash_ex.o       40
    stm32f1xx_hal_gpio.o          448
    stm32f1xx_hal_msp.o           412
    stm32f1xx_hal_rcc.o         1 254
    stm32f1xx_hal_uart.o        1 172
    stm32f1xx_it.o                160
    system_stm32f1xx.o             92        9        4
    ---------------------------------------------------
    Total:                      5 848       13    1 220

command line: [2]
    ---------------------------------------------------
    Total:

dl7M_tlf.a: [3]
    XShHandles.o                  224               128
    XShttio.o                       8        2        8
    abort.o                         6
    div.o                          14
    errno.o                        12        2        4
    exit.o                          4
    fclose.o                      122
    fflush.o                      176
    fputc.o                        86
    fseek.o                        34
    localeconv.o                  108       40      136
    low_level_init.o                4
    printf.o                       36
    putchar.o                      12
    setlocale.o                    20       34      116
    xcloseall.o                    88
    xencoding_sb.o                 96
    xfgpos.o                       12
    xfiles.o                                66      384
    xfofind.o                     124
    xfspos.o                      214
    xfwprep.o                     182
    xgetmemchunk.o                 44                 4
    xmbcurmax.o                    10
    xmbtowc.o                      32
    xprintffull.o               4 430
    xprout.o                       22
    xsyslock_nop.o                  4
    xtls.o                          2
    xwctomb.o                      26
    xxmemxfree.o                  128
    xxmemxmalloc.o                176                 8
    ---------------------------------------------------
    Total:                      6 456      144      788

m7M_tl.a: [4]
    DblAdd.o                      212
    DblCmpGe.o                     46
    DblCmpLe.o                     46
    DblDiv.o                      582
    DblMul.o                      418
    DblSub.o                      384
    DblToI32.o                     88
    I32ToDbl.o                     48
    xdnorm.o                       66
    xdscale.o                     268
    ---------------------------------------------------
    Total:                      2 158

rt7M_tl.a: [5]
    ABImemcpy_unaligned.o         118
    I64DivMod.o                   238
    I64DivZer.o                     2
    cexit.o                        14
    cmain.o                        26
    cstart_closeall.o
    cstartup_M.o                   12
    data_init.o                    40
    memchr.o                       88
    packbits_init.o               210
    strchr.o                       22
    strlen.o                       54
    zero_init3.o                   34
    ---------------------------------------------------
    Total:                        858

shb_l.a: [6]
    close.o                        26
    dwrite.o                       30
    exit.o                         20
    iarttio.o                     108
    iarwrite.o                     34
    iarwstd.o                      32
    lseek.o                        76
    remove.o                       22
    write.o                        16
    ---------------------------------------------------
    Total:                        364

    Gaps                           36
    Linker created                          44    1 536
-------------------------------------------------------
    Grand Total:               15 720      201    3 544


*******************************************************************************
*** ENTRY LIST
***

Entry                      Address   Size  Type      Object
-----                      -------   ----  ----      ------
?main                   0x08007c85         Code  Gb  cmain.o [5]
AHBPrescTable           0x08007b70   0x10  Data  Gb  system_stm32f1xx.o [1]
APBPrescTable           0x08007cf4    0x8  Data  Gb  system_stm32f1xx.o [1]
BusFault_Handler        0x08007247    0x2  Code  Gb  stm32f1xx_it.o [1]
CSTACK$$Base            0x200007d8          --   Gb  - Linker created -
CSTACK$$Limit           0x20000bd8          --   Gb  - Linker created -
DMA1_Channel6_IRQHandler
                        0x08007263    0x6  Code  Gb  stm32f1xx_it.o [1]
DebugMon_Handler        0x0800724d    0x2  Code  Gb  stm32f1xx_it.o [1]
F405ReveiveHandler      0x0800743d   0x18  Code  Gb  bootload.o [1]
FLASH_IRQHandler        0x0800725f    0x4  Code  Gb  stm32f1xx_it.o [1]
FLASH_PageErase         0x0800745d   0x1c  Code  Gb  stm32f1xx_hal_flash_ex.o [1]
FLASH_SetErrorCode      0x080073ef   0x46  Code  Lc  stm32f1xx_hal_flash.o [1]
HAL_DMA_Abort_IT        0x08006a35   0x98  Code  Gb  stm32f1xx_hal_dma.o [1]
HAL_DMA_IRQHandler      0x08006acd  0x134  Code  Gb  stm32f1xx_hal_dma.o [1]
HAL_DMA_Init            0x08006941   0x56  Code  Gb  stm32f1xx_hal_dma.o [1]
HAL_DMA_Start_IT        0x08006997   0x8e  Code  Gb  stm32f1xx_hal_dma.o [1]
HAL_Delay               0x080064cf   0x22  Code  Wk  stm32f1xx_hal.o [1]
HAL_FLASH_EndOfOperationCallback
                        0x080073eb    0x2  Code  Wk  stm32f1xx_hal_flash.o [1]
HAL_FLASH_IRQHandler    0x080072e1  0x10a  Code  Gb  stm32f1xx_hal_flash.o [1]
HAL_FLASH_OperationErrorCallback
                        0x080073ed    0x2  Code  Wk  stm32f1xx_hal_flash.o [1]
HAL_GPIO_Init           0x08006781  0x18c  Code  Gb  stm32f1xx_hal_gpio.o [1]
HAL_GetTick             0x080064c9    0x6  Code  Wk  stm32f1xx_hal.o [1]
HAL_IncTick             0x080064bd    0xc  Code  Wk  stm32f1xx_hal.o [1]
HAL_Init                0x08006465   0x20  Code  Gb  stm32f1xx_hal.o [1]
HAL_InitTick            0x08006485   0x38  Code  Wk  stm32f1xx_hal.o [1]
HAL_MspInit             0x080065e5   0xa2  Code  Gb  stm32f1xx_hal_msp.o [1]
HAL_NVIC_EnableIRQ      0x0800656f    0xc  Code  Gb  stm32f1xx_hal_cortex.o [1]
HAL_NVIC_SetPriority    0x08006517   0x58  Code  Gb  stm32f1xx_hal_cortex.o [1]
HAL_NVIC_SetPriorityGrouping
                        0x080064fd   0x1a  Code  Gb  stm32f1xx_hal_cortex.o [1]
HAL_RCC_ClockConfig     0x0800626f  0x132  Code  Gb  stm32f1xx_hal_rcc.o [1]
HAL_RCC_GetHCLKFreq     0x080063fb    0x6  Code  Gb  stm32f1xx_hal_rcc.o [1]
HAL_RCC_GetPCLK1Freq    0x08006401   0x10  Code  Gb  stm32f1xx_hal_rcc.o [1]
HAL_RCC_GetPCLK2Freq    0x08006411    0xe  Code  Gb  stm32f1xx_hal_rcc.o [1]
HAL_RCC_GetSysClockFreq
                        0x080063a1   0x5a  Code  Gb  stm32f1xx_hal_rcc.o [1]
HAL_RCC_OscConfig       0x08005f7d  0x2f2  Code  Gb  stm32f1xx_hal_rcc.o [1]
HAL_SYSTICK_CLKSourceConfig
                        0x080065a5   0x14  Code  Gb  stm32f1xx_hal_cortex.o [1]
HAL_SYSTICK_Callback    0x080065e1    0x2  Code  Wk  stm32f1xx_hal_cortex.o [1]
HAL_SYSTICK_Config      0x08006583   0x22  Code  Gb  stm32f1xx_hal_cortex.o [1]
HAL_SYSTICK_IRQHandler  0x080065d9    0x8  Code  Gb  stm32f1xx_hal_cortex.o [1]
HAL_UART_ErrorCallback  0x08007285   0x5c  Code  Gb  stm32f1xx_it.o [1]
HAL_UART_GetError       0x08006feb    0x4  Code  Gb  stm32f1xx_hal_uart.o [1]
HAL_UART_IRQHandler     0x08006e87  0x160  Code  Gb  stm32f1xx_hal_uart.o [1]
HAL_UART_Init           0x08006d89   0x44  Code  Gb  stm32f1xx_hal_uart.o [1]
HAL_UART_MspInit        0x08006687   0x8e  Code  Gb  stm32f1xx_hal_msp.o [1]
HAL_UART_Receive_DMA    0x08006deb   0x9c  Code  Gb  stm32f1xx_hal_uart.o [1]
HAL_UART_RxCpltCallback
                        0x08007281    0x4  Code  Gb  stm32f1xx_it.o [1]
HAL_UART_RxHalfCpltCallback
                        0x08006fe9    0x2  Code  Wk  stm32f1xx_hal_uart.o [1]
HAL_UART_TxCpltCallback
                        0x08006fe7    0x2  Code  Wk  stm32f1xx_hal_uart.o [1]
HEAP$$Base              0x20000bd8          --   Gb  - Linker created -
HEAP$$Limit             0x20000dd8          --   Gb  - Linker created -
HardFault_Handler       0x08007243    0x2  Code  Gb  stm32f1xx_it.o [1]
InStream_Read           0x08007839   0x22  Code  Lc  packbits_init.o [5]
LoadInt                 0x0800471d   0x6e  Code  Lc  xprintffull.o [3]
MemManage_Handler       0x08007245    0x2  Code  Gb  stm32f1xx_it.o [1]
NMI_Handler             0x08007241    0x2  Code  Gb  stm32f1xx_it.o [1]
PendSV_Handler          0x0800724f    0x2  Code  Gb  stm32f1xx_it.o [1]
Region$$Table$$Base     0x08007c58          --   Gb  - Linker created -
Region$$Table$$Limit    0x08007c84          --   Gb  - Linker created -
SVC_Handler             0x0800724b    0x2  Code  Gb  stm32f1xx_it.o [1]
SysTick_Handler         0x08007251    0xe  Code  Gb  stm32f1xx_it.o [1]
SystemClock_Config      0x08006ce9   0x70  Code  Gb  main.o [1]
SystemCoreClock         0x200001f0    0x4  Data  Gb  system_stm32f1xx.o [1]
SystemInit              0x08007b25   0x38  Code  Gb  system_stm32f1xx.o [1]
UART_DMAAbortOnError    0x08007095    0xc  Code  Lc  stm32f1xx_hal_uart.o [1]
UART_DMAError           0x08007039   0x5c  Code  Lc  stm32f1xx_hal_uart.o [1]
UART_DMAReceiveCplt     0x08006ff1   0x3c  Code  Lc  stm32f1xx_hal_uart.o [1]
UART_DMARxHalfCplt      0x0800702d    0xa  Code  Lc  stm32f1xx_hal_uart.o [1]
UART_Receive_IT         0x080070a9   0x90  Code  Lc  stm32f1xx_hal_uart.o [1]
UART_SetConfig          0x08007139   0xdc  Code  Lc  stm32f1xx_hal_uart.o [1]
USART2_IRQHandler       0x08007269   0x10  Code  Gb  stm32f1xx_it.o [1]
UsageFault_Handler      0x08007249    0x2  Code  Gb  stm32f1xx_it.o [1]
_Close_all              0x08007b81   0x58  Code  Gb  xcloseall.o [3]
_EncodingSb_Mbtowc      0x08005e2f   0x30  Code  Gb  xencoding_sb.o [3]
_EncodingSb_Wctomb      0x08005e15   0x1a  Code  Gb  xencoding_sb.o [3]
_Error_Handler          0x08006d59    0x2  Code  Gb  main.o [1]
_Files                  0x200001bc   0x20  Data  Gb  xfiles.o [3]
_Fofree                 0x080079fd   0x78  Code  Gb  xfofind.o [3]
_Fspos                  0x08007565   0xd6  Code  Gb  xfspos.o [3]
_Fwprep                 0x08007925   0xb6  Code  Gb  xfwprep.o [3]
_GenldFull              0x08004fa7  0x24c  Code  Lc  xprintffull.o [3]
_IsdstStr               0x2000008c    0x4  Data  Gb  setlocale.o [3]
_LdtobFull              0x08004ba5  0x3fc  Code  Lc  xprintffull.o [3]
_LitobFull              0x08004a9d  0x106  Code  Lc  xprintffull.o [3]
_LocaleEncoding         0x08005e01    0xe  Code  Gb  setlocale.o [3]
_LocaleReturnString     0x200000ac   0x50  Data  Lc  setlocale.o [3]
_Locale_Profile         0x20000090   0x1c  Data  Gb  setlocale.o [3]
_Locale_aeabi_lconv     0x20000050   0x38  Data  Gb  localeconv.o [3]
_Locale_lconv           0x20000000   0x50  Data  Gb  localeconv.o [3]
_Mbtowc                 0x0800523b   0x20  Code  Gb  xmbtowc.o [3]
_Nnl                    0x080076ed    0xc  Code  Gb  xfgpos.o [3]
_PrintfFull             0x080040ed  0x618  Code  Gb  xprintffull.o [3]
_Prout                  0x08007cb7   0x16  Code  Gb  xprout.o [3]
_PutcharsFull           0x080051f3   0x2e  Code  Lc  xprintffull.o [3]
_PutstrFull             0x0800478b  0x30c  Code  Lc  xprintffull.o [3]
_TzoneStr               0x20000088    0x4  Data  Gb  setlocale.o [3]
_Wctomb                 0x080053e1   0x1a  Code  Gb  xwctomb.o [3]
__aeabi_cdcmple         0x08005625         Code  Gb  DblCmpLe.o [4]
__aeabi_cdrcmple        0x08005655         Code  Gb  DblCmpGe.o [4]
__aeabi_d2iz            0x08005791         Code  Gb  DblToI32.o [4]
__aeabi_d2uiz           0x080057bd         Code  Gb  DblToI32.o [4]
__aeabi_ddiv            0x08005b3d         Code  Gb  DblDiv.o [4]
__aeabi_dmul            0x08005999         Code  Gb  DblMul.o [4]
__aeabi_dsub            0x08005819         Code  Gb  DblSub.o [4]
__aeabi_errno_addr      0x08007745    0x6  Code  Gb  errno.o [3]
__aeabi_i2d             0x080057e9         Code  Gb  I32ToDbl.o [4]
__aeabi_ldiv0           0x08005ea1         Code  Gb  I64DivZer.o [5]
__aeabi_ui2d            0x080057fd         Code  Gb  I32ToDbl.o [4]
__aeabi_uldivmod        0x080054f5         Code  Gb  I64DivMod.o [5]
__as_entries_start      0xffffffff          --   Gb  command line/config [2]
__as_table_start        0xffffffff          --   Gb  command line/config [2]
__cexit_closeall        0x08007cab         Code  Gb  cexit.o [5]
__close                 0x08007af3   0x1a  Code  Gb  close.o [6]
__cmain                 0x08007c85         Code  Gb  cmain.o [5]
__cstart_closeall       0x08007d9c         Data  Gb  cstart_closeall.o [5]
__data_Aldata           0x200007d0    0x8  Data  Gb  xxmemxmalloc.o [3]
__data_GetMemChunk      0x08005e75   0x2c  Code  Gb  xgetmemchunk.o [3]
__dwrite                0x08007765   0x1e  Code  Gb  dwrite.o [6]
__exit                  0x08007911   0x14  Code  Gb  exit.o [6]
__iar_Dnorm             0x080055e3   0x42  Code  Gb  xdnorm.o [4]
__iar_Dscale            0x08005685  0x10c  Code  Gb  xdscale.o [4]
__iar_Errno             0x200001f4    0x4  Data  Gb  errno.o [3]
__iar_Locale_lconv_init
                        0x08005d85   0x3a  Code  Gb  localeconv.o [3]
__iar_Lockfilelock      0x08007751    0x2  Code  Gb  xsyslock_nop.o [3]
__iar_Mbcurmax          0x08005325    0xa  Code  Gb  xmbcurmax.o [3]
__iar_Memchr            0x080052cd         Code  Gb  memchr.o [5]
__iar_Stderr            0x2000017c   0x40  Data  Gb  xfiles.o [3]
__iar_Stdin             0x200000fc   0x40  Data  Gb  xfiles.o [3]
__iar_Stdout            0x2000013c   0x40  Data  Gb  xfiles.o [3]
__iar_Strchr            0x0800527d         Code  Gb  strchr.o [5]
__iar_Unlockfilelock    0x08007753    0x2  Code  Gb  xsyslock_nop.o [3]
__iar_close_ttio        0x080077c5   0x2e  Code  Gb  iarttio.o [6]
__iar_d2uiz             0x080057c9         Code  Gb  DblToI32.o [4]
__iar_dadd              0x08005ea5         Code  Gb  DblAdd.o [4]
__iar_data_init3        0x08007c31   0x28  Code  Gb  data_init.o [5]
__iar_dlib_perthread_access
                        0x08005f79    0x2  Code  Gb  xtls.o [3]
__iar_dsub              0x0800582d         Code  Gb  DblSub.o [4]
__iar_dsubStart         0x0800583f         Code  Gb  DblSub.o [4]
__iar_get_ttio          0x080077f5   0x38  Code  Gb  iarttio.o [6]
__iar_lookup_ttioh      0x08007831    0x8  Code  Gb  XShttio.o [3]
__iar_packbits_init3    0x0800785b   0xb0  Code  Gb  packbits_init.o [5]
__iar_program_start     0x08007ce9         Code  Gb  cstartup_M.o [5]
__iar_sh_Discard        0x08007485   0x44  Code  Gb  XShHandles.o [3]
__iar_sh_Move           0x080074cf   0x4c  Code  Gb  XShHandles.o [3]
__iar_sh_Pos            0x0800751b   0x44  Code  Gb  XShHandles.o [3]
__iar_sh_stdout         0x08007783   0x20  Code  Gb  iarwstd.o [6]
__iar_sh_write          0x080077a3   0x22  Code  Gb  iarwrite.o [6]
__iar_ttio_handles      0x200001e8    0x8  Data  Lc  XShttio.o [3]
__iar_ui2d              0x08005801         Code  Gb  I32ToDbl.o [4]
__iar_unaligned___aeabi_memcpy
                        0x080053fd         Code  Gb  ABImemcpy_unaligned.o [5]
__iar_unaligned___aeabi_memcpy4
                        0x0800541d         Code  Gb  ABImemcpy_unaligned.o [5]
__iar_unaligned___aeabi_memcpy8
                        0x0800541d         Code  Gb  ABImemcpy_unaligned.o [5]
__iar_zero_init3        0x0800525b   0x22  Code  Gb  zero_init3.o [5]
__low_level_init        0x08007c9f    0x4  Code  Gb  low_level_init.o [3]
__lseek                 0x080076f9   0x4c  Code  Gb  lseek.o [6]
__vector_table          0x08004000         Data  Gb  startup_stm32f103xb.o [1]
__write                 0x08007755   0x10  Code  Gb  write.o [6]
_call_main              0x08007c91         Code  Gb  cmain.o [5]
_exit                   0x08007ca9         Code  Gb  cexit.o [5]
_main                   0x08007c9b         Code  Gb  cmain.o [5]
abort                   0x0800790b    0x6  Code  Gb  abort.o [3]
div                     0x08005df1    0xe  Code  Gb  div.o [3]
ebuf                    0x20000688   0x50  Data  Lc  xfiles.o [3]
exit                    0x08007ca3    0x4  Code  Gb  exit.o [3]
fclose                  0x08007a79   0x7a  Code  Gb  fclose.o [3]
fflush                  0x080076b3   0x34  Code  Gb  fflush.o [3]
fflushOne               0x0800763d   0x76  Code  Lc  fflush.o [3]
fputc                   0x08007bd9   0x56  Code  Gb  fputc.o [3]
free                    0x08005475   0x7a  Code  Gb  xxmemxfree.o [3]
fseek                   0x080079db   0x22  Code  Gb  fseek.o [3]
gUartMx                 0x200001f8   0x10  Data  Gb  bootload.o [1]
hdma_usart2_rx          0x20000728   0x44  Data  Gb  main.o [1]
huart2                  0x2000076c   0x40  Data  Gb  main.o [1]
localeconv              0x08005dbf   0x16  Code  Gb  localeconv.o [3]
main                    0x08006c25   0xb8  Code  Gb  main.o [1]
malloc                  0x08005331   0xac  Code  Gb  xxmemxmalloc.o [3]
memchr                  0x080052cd         Code  Gb  memchr.o [5]
obuf                    0x200006d8   0x50  Data  Lc  xfiles.o [3]
pFlash                  0x200007b0   0x20  Data  Gb  stm32f1xx_hal_flash.o [1]
printf                  0x0800721d   0x24  Code  Gb  printf.o [3]
putchar                 0x08007ccd    0xc  Code  Gb  putchar.o [3]
remove                  0x08007b0d   0x16  Code  Gb  remove.o [6]
sFileInfo               0x20000608   0x80  Data  Lc  XShHandles.o [3]
strchr                  0x0800527d         Code  Gb  strchr.o [5]
strlen                  0x08005295         Code  Gb  strlen.o [5]
uart2_dma_recv_buffer   0x20000208  0x400  Data  Gb  bootload.o [1]
uwTick                  0x200001e0    0x4  Data  Gb  stm32f1xx_hal.o [1]
uwTickFreq              0x200001dc    0x1  Data  Gb  stm32f1xx_hal.o [1]
uwTickPrio              0x200001e4    0x4  Data  Gb  stm32f1xx_hal.o [1]


[1] = C:\Users\Administrator\Personal\lora\f103bootloadapp\EWARM\server\Obj
[2] = command line
[3] = dl7M_tlf.a
[4] = m7M_tl.a
[5] = rt7M_tl.a
[6] = shb_l.a

  15 720 bytes of readonly  code memory
     201 bytes of readonly  data memory
   3 544 bytes of readwrite data memory

Errors: none
Warnings: none
